[INFO] Scanning for projects...
[INFO] 
[INFO] ---------------------< com.travel:ai-travel-guide >---------------------
[INFO] Building ai-travel-guide 1.0.0
[INFO] --------------------------------[ jar ]---------------------------------
[INFO] 
[INFO] >>> spring-boot-maven-plugin:3.2.5:run (default-cli) > test-compile @ ai-travel-guide >>>
[INFO] 
[INFO] --- maven-resources-plugin:3.3.1:resources (default-resources) @ ai-travel-guide ---
[INFO] Copying 1 resource from src\main\resources to target\classes
[INFO] Copying 0 resource from src\main\resources to target\classes
[INFO] 
[INFO] --- maven-compiler-plugin:3.11.0:compile (default-compile) @ ai-travel-guide ---
[INFO] Nothing to compile - all classes are up to date
[INFO] 
[INFO] --- maven-resources-plugin:3.3.1:testResources (default-testResources) @ ai-travel-guide ---
[INFO] skip non existing resourceDirectory D:\Star\ai-travel-guide\src\test\resources
[INFO] 
[INFO] --- maven-compiler-plugin:3.11.0:testCompile (default-testCompile) @ ai-travel-guide ---
[INFO] No sources to compile
[INFO] 
[INFO] <<< spring-boot-maven-plugin:3.2.5:run (default-cli) < test-compile @ ai-travel-guide <<<
[INFO] 
[INFO] 
[INFO] --- spring-boot-maven-plugin:3.2.5:run (default-cli) @ ai-travel-guide ---
[INFO] Attaching agents: []
Standard Commons Logging discovery in action with spring-jcl: please remove commons-logging.jar from classpath in order to avoid potential conflicts

  .   ____          _            __ _ _
 /\\ / ___'_ __ _ _(_)_ __  __ _ \ \ \ \
( ( )\___ | '_ | '_| | '_ \/ _` | \ \ \ \
 \\/  ___)| |_)| | | | | || (_| |  ) ) ) )
  '  |____| .__|_| |_|_| |_\__, | / / / /
 =========|_|==============|___/=/_/_/_/
 :: Spring Boot ::                (v3.2.5)

2026-05-11T18:20:31.690+08:00  INFO 46884 --- [ai-travel-guide] [           main] com.travel.AiTravelGuideApplication      : Starting AiTravelGuideApplication using Java 22.0.1 with PID 46884 (D:\Star\ai-travel-guide\target\classes started by 86134 in D:\Star\ai-travel-guide)
2026-05-11T18:20:31.691+08:00 DEBUG 46884 --- [ai-travel-guide] [           main] com.travel.AiTravelGuideApplication      : Running with Spring Boot v3.2.5, Spring v6.1.6
2026-05-11T18:20:31.693+08:00  INFO 46884 --- [ai-travel-guide] [           main] com.travel.AiTravelGuideApplication      : No active profile set, falling back to 1 default profile: "default"
